main.c:139:6:nastavU	8	static
main.c:145:6:nastavI	8	static
main.c:151:6:nastavUbin	0	static
main.c:155:6:nastavIbin	0	static
main.c:159:6:vypisOLED	32	static
main.c:189:6:DACtest	40	static
main.c:205:6:DMAMeranie	16	static
main.c:227:6:InitVypis	8	static
main.c:241:6:BlockVypis	32	static
main.c:264:6:PrimitivneOvladanie	8	static
main.c:276:6:Mode0	8	static
main.c:287:6:Mode1	0	static
main.c:296:6:Mode2	0	static
main.c:303:6:Mode3	0	static
main.c:310:6:Mode4	0	static
main.c:419:6:SystemClock_Config	128	static
main.c:324:5:main	64	static
main.c:709:6:_Error_Handler	0	static
