stm32f1xx_hal_msp.c:51:6:HAL_MspInit	16	static
stm32f1xx_hal_msp.c:86:6:HAL_ADC_MspInit	40	static
stm32f1xx_hal_msp.c:135:6:HAL_ADC_MspDeInit	8	static
stm32f1xx_hal_msp.c:166:6:HAL_CAN_MspInit	32	static
stm32f1xx_hal_msp.c:199:6:HAL_CAN_MspDeInit	0	static
stm32f1xx_hal_msp.c:223:6:HAL_DAC_MspInit	32	static
stm32f1xx_hal_msp.c:250:6:HAL_DAC_MspDeInit	0	static
stm32f1xx_hal_msp.c:274:6:HAL_I2C_MspInit	32	static
stm32f1xx_hal_msp.c:302:6:HAL_I2C_MspDeInit	0	static
stm32f1xx_hal_msp.c:326:6:HAL_UART_MspInit	32	static
stm32f1xx_hal_msp.c:359:6:HAL_UART_MspDeInit	0	static
